212
194
230
34
32
229
149
30
253
242
142
156
251
180
233
120
60
155
166
37
55
83
230
75
23
131
151
120
237
185
54
193
123
28
227
155
1
120
186
254
106
72
154
101
252
132
222
56
31
132
93
86
216
68
161
239
199
57
103
180
242
157
117
109
186
88
9
187
208
195
186
58
11
84
160
7
216
126
64
248
2
157
78
218
225
240
201
168
41
49
92
27
206
209
136
136
41
145
68
249
84
254
52
95
82
212
103
43
82
167
35
84
68
113
47
38
97
248
206
138
41
43
165
248
252
46
128
38
191
196
31
20
194
83
115
21
39
218
64
121
129
99
206
198
212
253
236
54
245
186
192
31
229
102
23
226
148
151
8
83
92
39
103
30
123
219
51
162
181
115
28
55
214
234
253
171
231
233
225
220
163
161
251
137
7
18
107
155
170
115
239
6
154
86
36
21
49
88
184
231
203
212
30
162
190
27
77
165
4
46
129
167
207
125
48
215
143
155
114
57
14
97
63
169
184
100
190
233
188
118
208
135
74
238
41
8
9
118
173
13
164
47
181
116
172
229
75
59
129
189
117
143
31
180
56
215
24
247
192
212
109
145
92
184
127
133
192
137
252
110
150
160
157
75
20
73
49
95
132
178
29
249
65
60
174
122
19
198
113
211
155
222
100
247
150
228
124
87
109
120
197
3
25
98
79
45
171
128
141
47
50
170
41
115
230
215
237
249
157
94
204
56
61
49
47
211
21
172
42
130
36
239
133
61
81
212
107
252
84
248
44
134
162
85
250
136
44
231
129
201
70
77
2
131
126
49
86
147
221
129
21
2
112
155
63
194
111
170
190
196
162
234
74
68
63
68
204
107
44
77
53
114
155
55
245
25
104
75
173
70
204
194
72
61
93
135
255
205
50
189
145
212
168
219
25
231
32
229
83
76
51
136
190
206
191
179
231
39
254
148
109
203
87
181
8
180
61
7
129
111
196
18
67
108
238
92
84
14
66
167
90
117
47
24
67
238
203
42
21
201
191
131
148
22
56
156
202
117
163
76
228
104
94
40
212
76
132
40
90
198
207
180
59
254
204
126
236
151
169
2
97
104
133
245
126
189
146
72
51
53
148
23
157
243
63
114
63
196
154
154
138
106
78
198
104
27
68
85
178
237
87
19
85
220
9
211
153
155
28
204
208
176
228
110
163
35
224
227
231
122
125
114
228
203
56
77
230
124
162
153
106
249
172
191
213
181
147
110
80
175
59
33
95
31
143
3
66
111
230
42
233
99
156
206
46
212
27
21
80
189
174
186
182
90
122
139
16
13
249
96
188
52
129
27
83
16
30
150
127
4
192
105
103
92
55
150
48
82
171
128
15
89
59
197
179
181
80
195
194
73
36
126
126
165
153
209
182
184
103
53
188
39
158
36
131
213
186
179
39
101
52
54
190
111
251
113
36
75
53
230
149
89
100
19
254
253
228
180
181
76
234
114
115
136
150
247
94
80
170
133
181
222
188
115
77
183
228
113
3
25
87
152
114
187
171
113
185
143
37
110
219
15
224
79
152
118
70
246
198
240
123
123
207
55
238
28
239
211
142
242
236
229
138
95
161
53
208
90
196
245
200
160
5
169
239
157
31
53
147
230
37
14
97
244
70
80
17
53
35
159
39
15
132
177
110
37
230
62
127
170
52
72
74
57
241
57
214
16
110
105
246
148
119
88
136
189
168
153
242
203
56
25
218
189
202
73
226
176
135
98
91
187
170
165
244
155
223
202
171
77
51
162
225
171
250
106
104
162
3
91
109
60
116
71
249
63
144
219
239
24
61
74
211
231
240
200
130
207
146
46
28
198
208
254
113
202
104
217
108
107
52
217
167
169
32
160
232
177
124
215
201
185
34
156
161
18
100
35
225
247
81
253
189
33
251
46
235
99
7
87
207
60
48
118
229
81
23
205
2
147
164
203
76
198
103
237
216
204
17
185
195
98
183
128
132
178
174
111
22
181
199
229
241
247
91
214
72
114
163
74
5
72
21
82
14
125
63
231
73
80
160
12
179
87
140
55
10
58
166
32
239
109
5
225
101
96
183
173
211
91
248
216
163
13
42
177
138
106
152
211
186
57
223
109
144
107
164
154
165
75
186
149
184
191
118
29
32
45
203
243
136
195
203
43
208
246
221
91
96
117
46
26
174
14
136
63
121
44
217
31
119
148
180
48
83
42
77
115
87
24
102
224
219
50
11
172
40
232
7
136
94
53
162
12
67
42
75
189
87
37
220
206
185
144
254
12
186
76
128
17
100
230
241
64
24
253
236
64
229
243
200
67
40
107
80
108
149
155
41
236
192
5
187
121
149
185
134
79
5
6
96
106
236
82
170
5
79
150
69
52
137
14
120
177
121
200
29
14
99
70
251
36
75
182
157
224
111
35
47
117
41
144
223
22
226
137
27
49
31
96
101
168
110
221
89
231
165
119
246
9
189
241
45
9
167
202
233
22
238
25
139
23
169
106
45
139
243
72
188
18
169
33
186
23
255
20
255
164
139
245
173
72
230
218
81
141
165
59
163
147
84
47
170
253
153
216
136
141
32
68
159
201
101
90
225
100
110
224
9
249
213
182
65
187
145
147
72
54
206
235
201
34
26
115
31
180
75
167
65
108
235
224
53
80
58
22
181
168
246
190
161
203
116
227
134
5
118
206
59
68
186
4
102
212
120
133
136
195
44
201
47
23
170
101
103
228
123
28
141
114
218
46
61
79
17
196
84
135
146
144
203
76
148
49
33
12
182
169
208
226
115
255
249
29
100
97
1
224
125
142
82
88
189
143
167
206
83
251
86
230
139
33
50
32
83
83
44
9
253
252
236
112
252
229
141
96
70
142
64
196
29
146
28
218
34
195
168
117
190
254
91
74
32
142
106
115
225
150
124
222
147
104
78
143
78
219
239
148
106
48
88
135
194
116
97
228
55
9
90
246
8
181
64
40
67
170
155
37
64
23
3
211
128
82
98
206
45
82
98
151
130
187
30
68
47
127
41
103
137
131
93
145
56
157
185
124
71
84
161
135
107
164
91
235
246
189
185
36
15
28
187
145
215
218
214
6
89
255
109
226
130
202
115
186
103
44
54
174
128
215
54
236
124
145
215
114
78
145
150
94
173
82
239
132
44
197
138
133
196
248
104
70
194
219
1
42
8
55
216
136
15
14
116
139
159
76
253
238
221
148
76
138
230
59
14
18
1
152
151
197
144
255
12
83
219
13
125
227
68
85
107
83
100
224
222
3
44
220
241
9
112
61
147
86
121
161
104
122
57
255
63
202
255
75
29
218
88
154
189
157
239
40
240
83
8
207
87
52
171
72
61
27
134
208
113
255
113
217
121
171
216
184
117
215
4
146
177
92
44
110
249
27
151
234
111
159
185
198
212
100
14
17
127
148
226
240
147
83
201
12
254
161
197
115
121
201
5
42
37
49
153
31
77
48
9
188
207
194
130
163
38
144
181
165
37
151
149
184
234
94
197
233
255
138
92
120
83
98
163
120
147
60
151
224
108
160
156
59
98
30
223
136
175
148
45
212
43
194
140
21
32
81
254
32
219
91
152
46
189
59
167
80
119
62
49
227
223
205
31
65
236
254
202
155
146
247
111
189
186
251
210
218
77
209
250
40
44
147
87
233
206
254
57
70
60
106
41
27
56
72
93
36
70
39
191
216
30
46
149
216
41
104
179
118
57
173
159
101
64
246
78
15
244
135
85
48
242
126
76
42
199
169
78
13
208
13
230
238
59
123
199
100
227
122
219
28
39
122
129
104
112
207
119
100
87
204
148
73
74
224
115
17
137
193
31
89
206
5
72
9
128
15
109
100
137
72
128
176
194
2
24
50
209
143
150
40
91
43
113
166
11
228
183
149
165
214
238
115
219
54
124
92
69
234
192
206
50
64
127
245
66
151
39
20
39
190
60
130
233
174
40
244
146
224
137
56
182
120
171
146
174
40
238
244
18
174
194
68
238
65
57
49
217
97
69
0
31
129
130
8
47
171
252
194
139
134
250
65
254
165
211
172
205
193
160
223
111
99
36
94
164
93
143
125
190
212
125
221
85
0
229
133
171
226
71
54
104
65
119
102
230
75
18
180
12
179
147
124
22
183
218
186
21
105
56
211
61
181
177
146
181
150
23
96
120
94
150
224
159
14
70
134
89
89
58
101
12
205
225
34
133
187
220
154
36
20
109
97
202
30
244
127
181
11
224
45
106
118
14
9
132
84
143
221
173
201
67
185
151
36
219
28
224
184
182
4
204
35
102
150
66
90
22
247
101
246
36
207
108
50
217
241
135
104
206
52
50
17
238
201
54
201
229
22
129
155
26
78
190
128
228
0
218
250
247
64
240
28
15
93
78
232
78
213
81
28
10
131
46
248
76
100
193
49
122
67
204
148
145
138
21
117
139
239
112
130
47
96
158
63
189
237
39
11
194
120
40
204
251
86
196
71
186
134
120
52
201
68
200
90
207
221
207
90
205
63
220
252
160
123
59
93
104
99
105
42
219
145
247
215
231
187
30
161
65
151
213
10
219
157
100
170
123
52
4
72
115
225
68
19
92
128
113
196
227
218
238
190
107
229
149
82
161
180
243
226
75
200
237
38
101
81
209
224
133
213
40
249
182
109
12
18
237
125
214
208
87
197
142
194
170
36
20
75
216
7
46
35
207
27
73
53
108
26
21
242
240
62
235
166
171
247
185
152
117
143
104
204
84
246
143
255
26
163
74
242
171
120
21
122
147
95
175
0
121
197
242
105
3
221
16
174
212
201
70
73
88
174
22
173
164
165
172
191
72
246
177
243
111
199
110
2
38
29
2
159
226
244
9
229
209
25
147
166
226
217
239
58
135
5
231
44
170
147
235
243
138
156
230
249
99
84
251
137
114
254
41
84
242
50
58
196
75
205
106
45
167
89
103
46
95
79
90
9
226
69
252
108
226
227
101
69
55
97
207
169
95
248
254
81
42
56
21
117
5
127
162
172
217
9
219
56
88
53
65
59
123
62
167
93
33
13
162
88
110
113
2
205
105
0
30
147
56
52
8
61
179
170
234
140
180
197
196
12
250
6
71
117
68
239
210
101
252
117
189
106
230
191
55
80
191
85
227
247
137
236
53
61
150
31
201
74
228
142
87
222
148
158
84
216
141
38
61
137
155
250
243
130
186
42
210
121
128
181
113
9
161
166
70
56
197
16
130
169
158
217
135
50
120
219
10
5
2
71
143
157
65
130
31
251
173
241
117
45
167
230
54
72
140
125
128
81
141
3
250
43
220
129
93
84
93
103
90
95
174
233
252
239
107
28
235
24
13
96
69
180
70
124
253
210
249
125
35
134
128
29
177
93
158
14
177
251
117
11
90
35
244
87
18
96
115
253
120
128
93
190
53
163
58
50
117
51
175
152
185
48
181
106
141
84
120
62
79
237
74
170
16
62
1
34
158
116
32
23
244
125
213
41
33
15
91
150
66
11
47
251
59
228
101
200
56
221
6
136
202
80
50
218
143
51
252
45
167
28
68
155
154
25
197
187
40
32
81
106
43
128
101
102
101
202
46
157
167
53
37
113
133
87
75
20
138
72
66
49
100
134
205
254
160
146
185
200
178
11
51
222
139
152
68
240
99
115
142
10
168
179
124
45
11
199
66
149
15
132
199
116
10
148
114
170
38
44
